../Core/Src/main.c:66:5:main	8	static
../Core/Src/main.c:113:6:SystemClock_Config	88	static
../Core/Src/main.c:161:13:MX_USART2_UART_Init	8	static
../Core/Src/main.c:194:13:MX_GPIO_Init	48	static
../Core/Src/main.c:228:6:debounceFSM_init	4	static
../Core/Src/main.c:237:6:readButton	8	static
../Core/Src/main.c:246:6:buttonPressed	8	static
../Core/Src/main.c:254:6:buttonReleased	8	static
../Core/Src/main.c:262:6:debounceFSM_update	16	static
../Core/Src/main.c:315:6:Error_Handler	8	static,ignoring_inline_asm
